{"game_finished":true,"seed":1547,"used_words":{"words":["ahumen","anise","apegan","as","cupulan","de","debil","desoldo","eureka","exilien","fer","fia","fo","ha","humen","irritar","jodi","lavotee","loquee","loquees","mir","na","nito","no","nota","notas","oc","oh","pe","se","su","ta","tas","ti","tic","tu","tup","ya","yerno","yo","za"]},"game_tiles":{"tiles":[]},"words_in_board":true,"consecutive_turns_passed":6,"game_board":{"board":[[{"special_effect":"TRIPLE_WORD"},{"tile":{"letter":"A","points":1}},{"tile":{"letter":"H","points":4}},{"tile":{"letter":"U","points":1},"special_effect":"DOUBLE_LETTER"},{"tile":{"letter":"M","points":3}},{"tile":{"letter":"E","points":1}},{"tile":{"letter":"N","points":1}},{"special_effect":"TRIPLE_WORD"},{},{},{},{"tile":{"letter":"Y","points":4},"special_effect":"DOUBLE_LETTER"},{"tile":{"letter":"A","points":1}},{},{"special_effect":"TRIPLE_WORD"}],[{},{"tile":{"letter":"N","points":1},"special_effect":"DOUBLE_WORD"},{"tile":{"letter":"A","points":1}},{},{"tile":{"letter":"I","points":1}},{"special_effect":"TRIPLE_LETTER"},{"tile":{"letter":"O","points":1}},{"tile":{"letter":"C","points":3}},{},{"special_effect":"TRIPLE_LETTER"},{"tile":{"letter":"F","points":4}},{"tile":{"letter":"O","points":1}},{},{"special_effect":"DOUBLE_WORD"},{}],[{"tile":{"letter":"T","points":1}},{"tile":{"letter":"I","points":1}},{"special_effect":"DOUBLE_WORD"},{},{"tile":{"letter":"R","points":1}},{},{"tile":{"letter":"T","points":1},"special_effect":"DOUBLE_LETTER"},{"tile":{"letter":"U","points":1}},{"tile":{"letter":"P","points":3},"special_effect":"DOUBLE_LETTER"},{},{"tile":{"letter":"I","points":1}},{},{"special_effect":"DOUBLE_WORD"},{},{}],[{"tile":{"letter":"A","points":1},"special_effect":"DOUBLE_LETTER"},{"tile":{"letter":"S","points":1}},{},{"tile":{"letter":"L","points":1},"special_effect":"DOUBLE_WORD"},{},{},{"tile":{"letter":"A","points":1}},{"tile":{"letter":"P","points":3},"special_effect":"DOUBLE_LETTER"},{"tile":{"letter":"E","points":1}},{"tile":{"letter":"G","points":2}},{"tile":{"letter":"A","points":1}},{"tile":{"letter":"N","points":1},"special_effect":"DOUBLE_WORD"},{},{},{"special_effect":"DOUBLE_LETTER"}],[{"tile":{"letter":"S","points":1}},{"tile":{"letter":"E","points":1}},{},{"tile":{"letter":"O","points":1}},{"tile":{"letter":"H","points":4},"special_effect":"DOUBLE_WORD"},{},{"tile":{"letter":"S","points":1}},{"tile":{"letter":"U","points":1}},{},{},{"special_effect":"DOUBLE_WORD"},{},{"tile":{"letter":"Y","points":4}},{},{}],[{},{"special_effect":"TRIPLE_LETTER"},{},{"tile":{"letter":"Q","points":10}},{},{"special_effect":"TRIPLE_LETTER"},{},{"tile":{"letter":"L","points":1}},{"tile":{"letter":"A","points":1}},{"tile":{"letter":"V","points":4},"special_effect":"TRIPLE_LETTER"},{"tile":{"letter":"O","points":1}},{"tile":{"letter":"T","points":1}},{"tile":{"letter":"E","points":1}},{"tile":{"letter":"E","points":1},"special_effect":"TRIPLE_LETTER"},{}],[{},{},{"tile":{"letter":"E","points":1},"special_effect":"DOUBLE_LETTER"},{"tile":{"letter":"U","points":1}},{"tile":{"letter":"R","points":1}},{"tile":{"letter":"E","points":1}},{"tile":{"letter":"K","points":5},"special_effect":"DOUBLE_LETTER"},{"tile":{"letter":"A","points":1}},{"special_effect":"DOUBLE_LETTER"},{},{},{},{"tile":{"letter":"R","points":1},"special_effect":"DOUBLE_LETTER"},{},{}],[{"special_effect":"TRIPLE_WORD"},{},{},{"tile":{"letter":"E","points":1},"special_effect":"DOUBLE_LETTER"},{},{"tile":{"letter":"X","points":8}},{},{"tile":{"letter":"N","points":1},"special_effect":"CENTRE"},{"tile":{"letter":"I","points":1}},{"tile":{"letter":"T","points":1}},{"tile":{"letter":"O","points":1}},{"special_effect":"DOUBLE_LETTER"},{"tile":{"letter":"N","points":1}},{},{"special_effect":"TRIPLE_WORD"}],[{},{},{"tile":{"letter":"D","points":2},"special_effect":"DOUBLE_LETTER"},{"tile":{"letter":"E","points":1}},{},{"tile":{"letter":"I","points":1}},{"special_effect":"DOUBLE_LETTER"},{},{"special_effect":"DOUBLE_LETTER"},{},{},{"tile":{"letter":"J","points":8}},{"tile":{"letter":"O","points":1},"special_effect":"DOUBLE_LETTER"},{"tile":{"letter":"D","points":2}},{"tile":{"letter":"I","points":1}}],[{},{"tile":{"letter":"D","points":2},"special_effect":"TRIPLE_LETTER"},{"tile":{"letter":"E","points":1}},{"tile":{"letter":"S","points":1}},{"tile":{"letter":"O","points":1}},{"tile":{"letter":"L","points":1},"special_effect":"TRIPLE_LETTER"},{"tile":{"letter":"D","points":2}},{"tile":{"letter":"O","points":1}},{},{"special_effect":"TRIPLE_LETTER"},{},{},{},{"special_effect":"TRIPLE_LETTER"},{"tile":{"letter":"R","points":1}}],[{},{},{"tile":{"letter":"B","points":3}},{},{"special_effect":"DOUBLE_WORD"},{"tile":{"letter":"I","points":1}},{},{},{},{},{"special_effect":"DOUBLE_WORD"},{},{"tile":{"letter":"F","points":4}},{"tile":{"letter":"E","points":1}},{"tile":{"letter":"R","points":1}}],[{"special_effect":"DOUBLE_LETTER"},{"tile":{"letter":"T","points":1}},{"tile":{"letter":"I","points":1}},{"tile":{"letter":"C","points":3},"special_effect":"DOUBLE_WORD"},{},{"tile":{"letter":"E","points":1}},{},{"special_effect":"DOUBLE_LETTER"},{},{},{},{"special_effect":"DOUBLE_WORD"},{},{},{"tile":{"letter":"I","points":1},"special_effect":"DOUBLE_LETTER"}],[{},{},{"tile":{"letter":"L","points":1},"special_effect":"DOUBLE_WORD"},{},{},{"tile":{"letter":"N","points":1}},{"special_effect":"DOUBLE_LETTER"},{},{"special_effect":"DOUBLE_LETTER"},{},{},{},{"special_effect":"DOUBLE_WORD"},{},{"tile":{"letter":"T","points":1}}],[{},{"special_effect":"DOUBLE_WORD"},{},{},{},{"special_effect":"TRIPLE_LETTER"},{},{},{},{"special_effect":"TRIPLE_LETTER"},{},{},{},{"tile":{"letter":"Z","points":10},"special_effect":"DOUBLE_WORD"},{"tile":{"letter":"A","points":1}}],[{"special_effect":"TRIPLE_WORD"},{},{},{"special_effect":"DOUBLE_LETTER"},{},{},{},{"special_effect":"TRIPLE_WORD"},{},{},{},{"special_effect":"DOUBLE_LETTER"},{},{},{"tile":{"letter":"R","points":1},"special_effect":"TRIPLE_WORD"}]]},"current_turn":1,"game_players":{"players":[{"tiles":[{"letter":"M","points":3},{"letter":"W","points":4},{"letter":"B","points":3}],"total_points":44,"name":"CPU 1","strategy":{"strategy_type":"easy_strategy"}},{"tiles":[{"letter":"W","points":4}],"total_points":106,"name":"CPU 2","strategy":{"strategy_type":"medium_strategy"}},{"tiles":[{"letter":"G","points":2},{"letter":"G","points":2},{"letter":"V","points":4}],"total_points":177,"name":"CPU 3","strategy":{"strategy_type":"hard_strategy"}}]}}