{"game_finished":true,"seed":956192780,"used_words":{"words":["ada","ano","ate","auge","bode","cae","ce","de","dea","dean","di","en","entrono","esqui","etano","fi","fo","fu","ge","iba","implara","implaran","inervo","ixil","je","ka","le","ll","mi","ni","no","oh","oi","oir","pal","pun","punen","rehizo","ris","so","tejeis","tic","toe","tris","tu","uni","unia","vestir","vestira","ya","ye","zebra"]},"game_tiles":{"tiles":[]},"words_in_board":true,"consecutive_turns_passed":6,"game_board":{"board":[[{"special_effect":"TRIPLE_WORD"},{},{},{"tile":{"letter":"M","points":3},"special_effect":"DOUBLE_LETTER"},{},{"tile":{"letter":"C","points":3}},{"tile":{"letter":"A","points":1}},{"tile":{"letter":"E","points":1},"special_effect":"TRIPLE_WORD"},{},{"tile":{"letter":"Y","points":4}},{},{"tile":{"letter":"G","points":2},"special_effect":"DOUBLE_LETTER"},{"tile":{"letter":"E","points":1}},{},{"tile":{"letter":"D","points":2},"special_effect":"TRIPLE_WORD"}],[{},{"special_effect":"DOUBLE_WORD"},{"tile":{"letter":"F","points":4}},{"tile":{"letter":"I","points":1}},{},{"special_effect":"TRIPLE_LETTER"},{"tile":{"letter":"U","points":1}},{"tile":{"letter":"N","points":1}},{"tile":{"letter":"I","points":1}},{"tile":{"letter":"A","points":1},"special_effect":"TRIPLE_LETTER"},{},{},{"tile":{"letter":"T","points":1}},{"tile":{"letter":"O","points":1},"special_effect":"DOUBLE_WORD"},{"tile":{"letter":"E","points":1}}],[{},{"tile":{"letter":"T","points":1}},{"tile":{"letter":"U","points":1},"special_effect":"DOUBLE_WORD"},{},{"tile":{"letter":"K","points":5}},{},{"tile":{"letter":"G","points":2},"special_effect":"DOUBLE_LETTER"},{},{"tile":{"letter":"M","points":3},"special_effect":"DOUBLE_LETTER"},{},{"tile":{"letter":"A","points":1}},{"tile":{"letter":"D","points":2}},{"tile":{"letter":"A","points":1},"special_effect":"DOUBLE_WORD"},{},{"tile":{"letter":"A","points":1}}],[{"tile":{"letter":"Y","points":4},"special_effect":"DOUBLE_LETTER"},{"tile":{"letter":"E","points":1}},{},{"special_effect":"DOUBLE_WORD"},{"tile":{"letter":"A","points":1}},{"tile":{"letter":"T","points":1}},{"tile":{"letter":"E","points":1}},{"special_effect":"DOUBLE_LETTER"},{"tile":{"letter":"P","points":3}},{"tile":{"letter":"U","points":1}},{"tile":{"letter":"N","points":1}},{"tile":{"letter":"E","points":1},"special_effect":"DOUBLE_WORD"},{"tile":{"letter":"N","points":1}},{},{"tile":{"letter":"N","points":1},"special_effect":"DOUBLE_LETTER"}],[{},{"tile":{"letter":"J","points":8}},{},{},{"special_effect":"DOUBLE_WORD"},{"tile":{"letter":"R","points":1}},{},{},{"tile":{"letter":"L","points":1}},{},{"tile":{"letter":"O","points":1},"special_effect":"DOUBLE_WORD"},{},{"tile":{"letter":"O","points":1}},{"tile":{"letter":"H","points":4}},{}],[{},{"tile":{"letter":"E","points":1},"special_effect":"TRIPLE_LETTER"},{"tile":{"letter":"S","points":1}},{"tile":{"letter":"Q","points":10}},{"tile":{"letter":"U","points":1}},{"tile":{"letter":"I","points":1},"special_effect":"TRIPLE_LETTER"},{},{"tile":{"letter":"P","points":3}},{"tile":{"letter":"A","points":1}},{"tile":{"letter":"L","points":1},"special_effect":"TRIPLE_LETTER"},{},{"tile":{"letter":"T","points":1}},{},{"special_effect":"TRIPLE_LETTER"},{}],[{"tile":{"letter":"D","points":2}},{"tile":{"letter":"I","points":1}},{"special_effect":"DOUBLE_LETTER"},{},{},{"tile":{"letter":"S","points":1}},{"tile":{"letter":"O","points":1},"special_effect":"DOUBLE_LETTER"},{},{"tile":{"letter":"R","points":1},"special_effect":"DOUBLE_LETTER"},{"tile":{"letter":"E","points":1}},{"tile":{"letter":"H","points":4}},{"tile":{"letter":"I","points":1}},{"tile":{"letter":"Z","points":10},"special_effect":"DOUBLE_LETTER"},{"tile":{"letter":"O","points":1}},{}],[{"special_effect":"TRIPLE_WORD"},{"tile":{"letter":"S","points":1}},{},{"special_effect":"DOUBLE_LETTER"},{"tile":{"letter":"I","points":1}},{},{"tile":{"letter":"I","points":1}},{"tile":{"letter":"B","points":3},"special_effect":"CENTRE"},{"tile":{"letter":"A","points":1}},{},{},{"tile":{"letter":"C","points":3},"special_effect":"DOUBLE_LETTER"},{"tile":{"letter":"E","points":1}},{},{"special_effect":"TRIPLE_WORD"}],[{},{},{"special_effect":"DOUBLE_LETTER"},{"tile":{"letter":"E","points":1}},{"tile":{"letter":"N","points":1}},{"tile":{"letter":"T","points":1}},{"tile":{"letter":"R","points":1},"special_effect":"DOUBLE_LETTER"},{"tile":{"letter":"O","points":1}},{"tile":{"letter":"N","points":1},"special_effect":"DOUBLE_LETTER"},{"tile":{"letter":"O","points":1}},{},{},{"tile":{"letter":"B","points":3},"special_effect":"DOUBLE_LETTER"},{},{}],[{},{"special_effect":"TRIPLE_LETTER"},{},{},{"tile":{"letter":"E","points":1}},{"special_effect":"TRIPLE_LETTER"},{},{"tile":{"letter":"D","points":2}},{},{"special_effect":"TRIPLE_LETTER"},{},{},{"tile":{"letter":"R","points":1}},{"special_effect":"TRIPLE_LETTER"},{}],[{},{},{},{},{"tile":{"letter":"R","points":1},"special_effect":"DOUBLE_WORD"},{},{"tile":{"letter":"V","points":4}},{"tile":{"letter":"E","points":1}},{"tile":{"letter":"S","points":1}},{"tile":{"letter":"T","points":1}},{"tile":{"letter":"I","points":1},"special_effect":"DOUBLE_WORD"},{"tile":{"letter":"R","points":1}},{"tile":{"letter":"A","points":1}},{},{}],[{"special_effect":"DOUBLE_LETTER"},{},{},{"special_effect":"DOUBLE_WORD"},{"tile":{"letter":"V","points":4}},{},{},{"special_effect":"DOUBLE_LETTER"},{},{},{"tile":{"letter":"X","points":8}},{"special_effect":"DOUBLE_WORD"},{},{},{"special_effect":"DOUBLE_LETTER"}],[{},{},{"special_effect":"DOUBLE_WORD"},{"tile":{"letter":"F","points":4}},{"tile":{"letter":"O","points":1}},{},{"special_effect":"DOUBLE_LETTER"},{},{"special_effect":"DOUBLE_LETTER"},{},{"tile":{"letter":"I","points":1}},{},{"special_effect":"DOUBLE_WORD"},{},{}],[{},{"special_effect":"DOUBLE_WORD"},{},{},{},{"special_effect":"TRIPLE_LETTER"},{},{},{},{"tile":{"letter":"L","points":1},"special_effect":"TRIPLE_LETTER"},{"tile":{"letter":"L","points":1}},{},{},{"special_effect":"DOUBLE_WORD"},{}],[{"special_effect":"TRIPLE_WORD"},{},{},{"special_effect":"DOUBLE_LETTER"},{},{},{},{"special_effect":"TRIPLE_WORD"},{},{},{},{"special_effect":"DOUBLE_LETTER"},{},{},{"special_effect":"TRIPLE_WORD"}]]},"current_turn":2,"game_players":{"players":[{"tiles":[{"letter":"W","points":4}],"total_points":108,"name":"CPU 1","strategy":{"strategy_type":"medium_strategy"}},{"tiles":[{"letter":"W","points":4}],"total_points":112,"name":"CPU 2","strategy":{"strategy_type":"medium_strategy"}},{"tiles":[{"letter":"G","points":2}],"total_points":120,"name":"CPU 3","strategy":{"strategy_type":"medium_strategy"}}]}}